// Jest Snapshot v1, https://goo.gl/fbAQLP

exports[`<Profile /> matches snapshot 1`] = `
<div>
  <div>
    <span>
      kimNaYeon
    </span>
    Â 
    <span>
      23
    </span>
  </div>
</div>
`;
